{
  "version": "1.5.0",
  "plugins_used": [
    {
      "name": "ArtifactoryDetector"
    },
    {
      "name": "AWSKeyDetector"
    },
    {
      "name": "AzureStorageKeyDetector"
    },
    {
      "name": "Base64HighEntropyString",
      "limit": 4.5
    },
    {
      "name": "BasicAuthDetector"
    },
    {
      "name": "CloudantDetector"
    },
    {
      "name": "DiscordBotTokenDetector"
    },
    {
      "name": "GitHubTokenDetector"
    },
    {
      "name": "GitLabTokenDetector"
    },
    {
      "name": "HexHighEntropyString",
      "limit": 3.0
    },
    {
      "name": "IbmCloudIamDetector"
    },
    {
      "name": "IbmCosHmacDetector"
    },
    {
      "name": "IPPublicDetector"
    },
    {
      "name": "JwtTokenDetector"
    },
    {
      "name": "KeywordDetector",
      "keyword_exclude": ""
    },
    {
      "name": "MailchimpDetector"
    },
    {
      "name": "NpmDetector"
    },
    {
      "name": "OpenAIDetector"
    },
    {
      "name": "PrivateKeyDetector"
    },
    {
      "name": "PypiTokenDetector"
    },
    {
      "name": "SendGridDetector"
    },
    {
      "name": "SlackDetector"
    },
    {
      "name": "SoftlayerDetector"
    },
    {
      "name": "SquareOAuthDetector"
    },
    {
      "name": "StripeDetector"
    },
    {
      "name": "TelegramBotTokenDetector"
    },
    {
      "name": "TwilioKeyDetector"
    }
  ],
  "filters_used": [
    {
      "path": "detect_secrets.filters.allowlist.is_line_allowlisted"
    },
    {
      "path": "detect_secrets.filters.common.is_ignored_due_to_verification_policies",
      "min_level": 2
    },
    {
      "path": "detect_secrets.filters.heuristic.is_indirect_reference"
    },
    {
      "path": "detect_secrets.filters.heuristic.is_likely_id_string"
    },
    {
      "path": "detect_secrets.filters.heuristic.is_lock_file"
    },
    {
      "path": "detect_secrets.filters.heuristic.is_not_alphanumeric_string"
    },
    {
      "path": "detect_secrets.filters.heuristic.is_potential_uuid"
    },
    {
      "path": "detect_secrets.filters.heuristic.is_prefixed_with_dollar_sign"
    },
    {
      "path": "detect_secrets.filters.heuristic.is_sequential_string"
    },
    {
      "path": "detect_secrets.filters.heuristic.is_swagger_file"
    },
    {
      "path": "detect_secrets.filters.heuristic.is_templated_secret"
    }
  ],
  "results": {
    "_receipts\\krineia\\primary.jsonl": [
      {
        "type": "Hex High Entropy String",
        "filename": "_receipts\\krineia\\primary.jsonl",
        "hashed_secret": "1de105c1de44c727c1be53957a31f7804e9c3e21",
        "is_verified": false,
        "line_number": 1
      }
    ],
    "artifacts\\README.md": [
      {
        "type": "Hex High Entropy String",
        "filename": "artifacts\\README.md",
        "hashed_secret": "e34855815af35e7bbee3c95f5acb7e8ed3c3035c",
        "is_verified": false,
        "line_number": 23
      }
    ],
    "compliance\\base120.v1.0.0.seed.mrcc.json": [
      {
        "type": "Hex High Entropy String",
        "filename": "compliance\\base120.v1.0.0.seed.mrcc.json",
        "hashed_secret": "9bcc5bcb8bb58faa4da095dd4ac0864be5d26e6a",
        "is_verified": false,
        "line_number": 14
      }
    ],
    "docs\\consuming-base120.md": [
      {
        "type": "Hex High Entropy String",
        "filename": "docs\\consuming-base120.md",
        "hashed_secret": "9bcc5bcb8bb58faa4da095dd4ac0864be5d26e6a",
        "is_verified": false,
        "line_number": 102
      }
    ]
  },
  "generated_at": "2026-08-04T16:06:59Z"
}
